// Jest Snapshot v1, https://goo.gl/fbAQLP

exports[`<Tickets /> should render 1`] = `
<div>
  <div
    class="MuiPaper-root-1 MuiPaper-elevation0-3 Tickets-q4qtd0-0 fyrttE"
  >
    <h3
      class="MuiTypography-root-28 MuiTypography-h3-42 listHeader"
    >
      Buy Tickets
    </h3>
    <div
      class="MuiGrid-container-64 MuiGrid-spacing-xs-8-86 MuiGrid-align-items-xs-center-72 MuiGrid-justify-xs-space-around-84 listGrid"
    >
      <div
        class="MuiGrid-item-65 MuiGrid-grid-xs-12-104 MuiGrid-grid-sm-4-110 MuiGrid-grid-md-3-123 MuiGrid-grid-lg-2-136 MuiGrid-grid-xl-1-149 listItem"
      >
        <div
          class="MuiPaper-root-1 MuiPaper-elevation0-3 MuiCard-root-161 card"
        >
          <div
            class="MuiCardContent-root-162 cardContent"
          >
            <h2
              class="MuiTypography-root-28 MuiTypography-h6-45"
            >
              First 1000 tickets
               
              <strong>
                100€
              </strong>
            </h2>
          </div>
          <div
            class="MuiCardActions-root-163 cardActions"
          >
            <img
              class="cardImage MuiCardActions-action-165"
              src="IMAGE_MOCK"
            />
            <p
              class="MuiTypography-root-28 MuiTypography-body1-37 cardDesc MuiCardActions-action-165"
            >
              Reducted price
            </p>
            <div
              class="cardButton MuiCardActions-action-165"
            >
              <button
                class="MuiButtonBase-root-192 MuiButton-root-166 MuiButton-contained-177 MuiButton-containedPrimary-178 MuiButton-raised-180 MuiButton-raisedPrimary-181"
                tabindex="0"
                type="button"
              >
                <span
                  class="MuiButton-label-167"
                >
                  <a
                    href="https://www.myticket.de/"
                  >
                    Buy now!
                  </a>
                </span>
                <span
                  class="MuiTouchRipple-root-195"
                />
              </button>
            </div>
          </div>
        </div>
      </div>
      <div
        class="MuiGrid-item-65 MuiGrid-grid-xs-12-104 MuiGrid-grid-sm-4-110 MuiGrid-grid-md-3-123 MuiGrid-grid-lg-2-136 MuiGrid-grid-xl-1-149 listItem"
      >
        <div
          class="MuiPaper-root-1 MuiPaper-elevation0-3 MuiCard-root-161 card"
        >
          <div
            class="MuiCardContent-root-162 cardContent"
          >
            <h2
              class="MuiTypography-root-28 MuiTypography-h6-45"
            >
              Normal tickets
               
              <strong>
                150€
              </strong>
            </h2>
          </div>
          <div
            class="MuiCardActions-root-163 cardActions"
          >
            <img
              class="cardImage MuiCardActions-action-165"
              src="IMAGE_MOCK"
            />
            <p
              class="MuiTypography-root-28 MuiTypography-body1-37 cardDesc MuiCardActions-action-165"
            >
              Normal tickets
            </p>
            <div
              class="cardButton MuiCardActions-action-165"
            >
              <button
                class="MuiButtonBase-root-192 MuiButton-root-166 MuiButton-contained-177 MuiButton-containedPrimary-178 MuiButton-raised-180 MuiButton-raisedPrimary-181"
                tabindex="0"
                type="button"
              >
                <span
                  class="MuiButton-label-167"
                >
                  <a
                    href="https://www.myticket.de/"
                  >
                    Buy now!
                  </a>
                </span>
                <span
                  class="MuiTouchRipple-root-195"
                />
              </button>
            </div>
          </div>
        </div>
      </div>
      <div
        class="MuiGrid-item-65 MuiGrid-grid-xs-12-104 MuiGrid-grid-sm-4-110 MuiGrid-grid-md-3-123 MuiGrid-grid-lg-2-136 MuiGrid-grid-xl-1-149 listItem"
      >
        <div
          class="MuiPaper-root-1 MuiPaper-elevation0-3 MuiCard-root-161 card"
        >
          <div
            class="MuiCardContent-root-162 cardContent"
          >
            <h2
              class="MuiTypography-root-28 MuiTypography-h6-45"
            >
              V.I.P. tickets
               
              <strong>
                300€
              </strong>
            </h2>
          </div>
          <div
            class="MuiCardActions-root-163 cardActions"
          >
            <img
              class="cardImage MuiCardActions-action-165"
              src="IMAGE_MOCK"
            />
            <p
              class="MuiTypography-root-28 MuiTypography-body1-37 cardDesc MuiCardActions-action-165"
            >
              V.I.P. tickets
            </p>
            <div
              class="cardButton MuiCardActions-action-165"
            >
              <button
                class="MuiButtonBase-root-192 MuiButton-root-166 MuiButton-contained-177 MuiButton-containedPrimary-178 MuiButton-raised-180 MuiButton-raisedPrimary-181"
                tabindex="0"
                type="button"
              >
                <span
                  class="MuiButton-label-167"
                >
                  <a
                    href="https://www.myticket.de/"
                  >
                    Buy now!
                  </a>
                </span>
                <span
                  class="MuiTouchRipple-root-195"
                />
              </button>
            </div>
          </div>
        </div>
      </div>
    </div>
  </div>
</div>
`;
